// Jest Snapshot v1, https://goo.gl/fbAQLP

exports[`renders SearchOption.js correctly 1`] = `
<div
  id="search"
>
  <form
    onSubmit={[Function]}
  >
    <input
      onChange={[Function]}
      value=""
    />
    <button>
      Search
    </button>
  </form>
</div>
`;
